[gpu_config] No GPU detected — running on CPU
[gpu_config] No GPU detected — running on CPU
[gpu_config] No GPU detected — running on CPU

======================================================================
  KePIN Cylinder_Wake Regime Conditioned (Forecasting Mode)
  epochs=200, patience=50, lr=0.001, batch=256
======================================================================
  Loaded Regime vectors: Train (91320, 4), Test (22830, 4)
  X_train shape: (91320, 40, 8)
  X_test shape: (22830, 40, 8)

  --- Run 1/3 ---
  Total params: 498,089
KePIN v2 Architecture
  Tier: small
  Input: (40, 8)
  Encoder: 3 residual Conv1D+SE blocks
    Block 1: Conv1D(64, k=7) + Conv1D(3) + SE [residual]
    Block 2: Conv1D(128, k=5) + Conv1D(3) + SE [residual]
    Block 3: Conv1D(128, k=3) + Conv1D(3) + SE [residual]
  BiLSTM: 64 units (bidirectional)
  Multi-Head Attention: 4 heads, key_dim=16
  Latent dim: 64
  Koopman rollout: 3 steps
  Spectral features: 10 (top-4 modes)
  Head: Dense(256)→BN→Dense(128)→BN→Dense(64)→Skip→Dense(1)
  Dropout: 0.3
  Epoch    1/200 | LR=0.000200 | Train: loss=0.5486 rmse=1.12 | Val: loss=-0.1308 rmse=0.19 | g_norm=3.51 (scale=0.74) | |λ|=[0.52044487 0.52044487 0.5163074 ]
  Epoch   11/200 | LR=0.000985 | Train: loss=-6.3240 rmse=0.12 | Val: loss=-6.6774 rmse=0.03 | g_norm=1.30 (scale=1.00) | |λ|=[0.8790131  0.8790131  0.68994415]
  Epoch   21/200 | LR=0.000874 | Train: loss=-11.6827 rmse=0.13 | Val: loss=-11.8574 rmse=0.03 | g_norm=5.89 (scale=0.35) | |λ|=[0.9235161 0.9235161 0.7207326]
  Epoch   31/200 | LR=0.000678 | Train: loss=-11.9187 rmse=0.12 | Val: loss=-11.9243 rmse=0.03 | g_norm=4.00 (scale=0.53) | |λ|=[0.94140124 0.94140124 0.7579373 ]
  Epoch   41/200 | LR=0.000440 | Train: loss=-11.9268 rmse=0.12 | Val: loss=-11.9221 rmse=0.03 | g_norm=2.48 (scale=0.82) | |λ|=[0.9482236 0.9482236 0.7810194]
  Epoch   51/200 | LR=0.000217 | Train: loss=-11.9373 rmse=0.13 | Val: loss=-11.9179 rmse=0.03 | g_norm=1.60 (scale=0.97) | |λ|=[0.9513544 0.9513544 0.7923664]
  Epoch   61/200 | LR=0.000058 | Train: loss=-11.9464 rmse=0.13 | Val: loss=-11.9126 rmse=0.03 | g_norm=1.15 (scale=0.99) | |λ|=[0.9532334 0.9532334 0.7982947]
  Epoch   71/200 | LR=0.001000 | Train: loss=-11.9099 rmse=0.13 | Val: loss=-11.9069 rmse=0.03 | g_norm=7.70 (scale=0.31) | |λ|=[0.94656646 0.94656646 0.8020728 ]
  Epoch   81/200 | LR=0.000943 | Train: loss=-11.9434 rmse=0.13 | Val: loss=-11.9067 rmse=0.03 | g_norm=2.08 (scale=0.90) | |λ|=[0.95462334 0.94227487 0.82813793]
  Early stopping at epoch 81 (patience=50)
  Restored best weights (val_rmse=0.0267)
  Run 1 -- Best weights: RMSE=0.0051, MAE=0.0041

  --- Run 2/3 ---
  Epoch    1/200 | LR=0.000200 | Train: loss=0.5411 rmse=1.11 | Val: loss=-0.1197 rmse=0.25 | g_norm=3.46 (scale=0.77) | |λ|=[0.5199981  0.5199981  0.51691407]
  Epoch   11/200 | LR=0.000985 | Train: loss=-6.3043 rmse=0.13 | Val: loss=-6.6592 rmse=0.03 | g_norm=1.42 (scale=1.00) | |λ|=[0.88180286 0.88180286 0.6381026 ]
  Epoch   21/200 | LR=0.000874 | Train: loss=-11.3616 rmse=0.12 | Val: loss=-11.4697 rmse=0.04 | g_norm=6.88 (scale=0.31) | |λ|=[0.91343546 0.91343546 0.69062805]
  Epoch   31/200 | LR=0.000678 | Train: loss=-11.9120 rmse=0.13 | Val: loss=-11.9153 rmse=0.03 | g_norm=5.40 (scale=0.40) | |λ|=[0.93178684 0.93178684 0.73186237]
  Epoch   41/200 | LR=0.000440 | Train: loss=-11.9188 rmse=0.13 | Val: loss=-11.9221 rmse=0.03 | g_norm=3.93 (scale=0.55) | |λ|=[0.93970126 0.93970126 0.7643713 ]
  Epoch   51/200 | LR=0.000217 | Train: loss=-11.9239 rmse=0.13 | Val: loss=-11.9271 rmse=0.03 | g_norm=2.39 (scale=0.83) | |λ|=[0.942532   0.942532   0.77904993]
  Epoch   61/200 | LR=0.000058 | Train: loss=-11.9262 rmse=0.12 | Val: loss=-11.9276 rmse=0.03 | g_norm=1.73 (scale=0.93) | |λ|=[0.9439954 0.9439954 0.7840285]
  Epoch   71/200 | LR=0.001000 | Train: loss=-11.8789 rmse=0.12 | Val: loss=-11.9091 rmse=0.03 | g_norm=10.41 (scale=0.23) | |λ|=[0.9445922  0.9308781  0.77825576]
  Epoch   81/200 | LR=0.000943 | Train: loss=-11.9108 rmse=0.13 | Val: loss=-11.9177 rmse=0.03 | g_norm=4.12 (scale=0.53) | |λ|=[0.9598787  0.92673683 0.82724476]
  Epoch   91/200 | LR=0.000784 | Train: loss=-11.9183 rmse=0.12 | Val: loss=-11.9190 rmse=0.03 | g_norm=2.83 (scale=0.75) | |λ|=[0.97487366 0.9232606  0.8672442 ]
  Epoch  101/200 | LR=0.000561 | Train: loss=-11.9234 rmse=0.13 | Val: loss=-11.9266 rmse=0.03 | g_norm=1.94 (scale=0.90) | |λ|=[0.9761984  0.92545974 0.8812204 ]
  Epoch  111/200 | LR=0.000323 | Train: loss=-11.9256 rmse=0.13 | Val: loss=-11.9262 rmse=0.03 | g_norm=1.52 (scale=0.96) | |λ|=[0.97864646 0.925649   0.8932297 ]
  Early stopping at epoch 114 (patience=50)
  Restored best weights (val_rmse=0.0266)
  Run 2 -- Best weights: RMSE=0.0051, MAE=0.0041

  --- Run 3/3 ---
  Epoch    1/200 | LR=0.000200 | Train: loss=0.4774 rmse=1.02 | Val: loss=-0.1307 rmse=0.17 | g_norm=3.00 (scale=0.78) | |λ|=[0.5192646 0.5192646 0.5182686]
  Epoch   11/200 | LR=0.000985 | Train: loss=-6.2952 rmse=0.12 | Val: loss=-6.6231 rmse=0.07 | g_norm=1.48 (scale=1.00) | |λ|=[0.9126797  0.7399903  0.69686973]
  Epoch   21/200 | LR=0.000874 | Train: loss=-11.2868 rmse=0.12 | Val: loss=-11.4540 rmse=0.03 | g_norm=7.56 (scale=0.29) | |λ|=[0.9571418  0.85261506 0.789081  ]
  Epoch   31/200 | LR=0.000678 | Train: loss=-11.9071 rmse=0.12 | Val: loss=-11.9212 rmse=0.03 | g_norm=6.18 (scale=0.35) | |λ|=[0.97263324 0.90711987 0.8172459 ]
  Epoch   41/200 | LR=0.000440 | Train: loss=-11.9158 rmse=0.12 | Val: loss=-11.9162 rmse=0.03 | g_norm=4.46 (scale=0.52) | |λ|=[0.97407675 0.9230282  0.839907  ]
  Epoch   51/200 | LR=0.000217 | Train: loss=-11.9205 rmse=0.12 | Val: loss=-11.9267 rmse=0.03 | g_norm=2.85 (scale=0.74) | |λ|=[0.97509754 0.9270397  0.85180295]
  Epoch   61/200 | LR=0.000058 | Train: loss=-11.9235 rmse=0.12 | Val: loss=-11.9269 rmse=0.03 | g_norm=2.23 (scale=0.87) | |λ|=[0.9768468  0.92813665 0.85473007]
  Epoch   71/200 | LR=0.001000 | Train: loss=-11.8271 rmse=0.12 | Val: loss=-11.9035 rmse=0.03 | g_norm=16.75 (scale=0.15) | |λ|=[0.9697127  0.90675366 0.79406273]
  Epoch   81/200 | LR=0.000943 | Train: loss=-11.9095 rmse=0.13 | Val: loss=-11.9170 rmse=0.03 | g_norm=5.14 (scale=0.46) | |λ|=[0.9723341  0.92748916 0.7785771 ]
  Epoch   91/200 | LR=0.000784 | Train: loss=-11.9129 rmse=0.12 | Val: loss=-11.9129 rmse=0.03 | g_norm=3.53 (scale=0.63) | |λ|=[0.97737604 0.9371062  0.821601  ]
  Epoch  101/200 | LR=0.000561 | Train: loss=-11.9137 rmse=0.12 | Val: loss=-11.8986 rmse=0.03 | g_norm=3.06 (scale=0.72) | |λ|=[0.98209184 0.936891   0.8691296 ]
  Epoch  111/200 | LR=0.000323 | Train: loss=-11.9220 rmse=0.13 | Val: loss=-11.9259 rmse=0.03 | g_norm=1.75 (scale=0.92) | |λ|=[0.9920552  0.94395036 0.90219593]
  Early stopping at epoch 120 (patience=50)
  Restored best weights (val_rmse=0.0267)
  Run 3 -- Best weights: RMSE=0.0051, MAE=0.0041

======================================================================
  Cylinder_Wake REGIME-CONDITIONED ENSEMBLE (3 runs):
    RMSE: 0.0051
    MAE:  0.0041
    R2:   0.9003
======================================================================

  All results saved to: /userhome/mtech/a.utkarsh/RCKePIN/regime_conditioned/results_cylinder_wake_conditioned_3152
